-> Simulator configuration to be read simulation_results/MN_3cores.cfg
-> Loading default random values
-> Loading scheduler configuration from file scheduling.cfg
   * Scheduling policy selected SS_MPI_CP
   * Machine 0. Policy: SS_MPI_CP
   * Loading default communications configuration
-> Loding initial memory status
-> Loding initial semaphores status
-> Loading default file sytem configuration

10.000000000: END SIMULATION

**** Application 0 (dim_parallel.dim) ****

**** Total Statistics ****

Execution time:	2.008329000
Speedup:	0.00 
CPU Time:	0.008836000

 Id.	Computation	%time	Communication
  0	0.008836000	0.44	1.999492992

 Id.	Mess.sent	Bytes sent	Immediate recv	Waiting recv	Bytes recv	Coll.op.	Block time	Comm. time	Wait link time	Wait buses time	I/O time
  0	8.000000e+00	8.000000e+00	5.000000e+00	3.000000e+00	8.000000e+00	0.000000e+00	0.000000000	0.000000000	0.000000000	0.000000000	0.000000000
------------------------------------------------------------------------------------------------------------------------------------------------------------------------------------
Total	8.000000e+00	8.000000e+00	5.000000e+00	3.000000e+00	8.000000e+00	0.000000e+00	0.000000e+00	0.000000e+00	0.000000e+00	0.000000e+00	0.000000e+00	
Average	8.000000e+00	8.000000e+00	5.000000e+00	3.000000e+00	8.000000e+00	0.000000e+00	0.000000e+00	0.000000e+00	0.000000e+00	0.000000e+00	0.000000e+00	
Maximum	8.000000e+00	8.000000e+00	5.000000e+00	3.000000e+00	8.000000e+00	0.000000e+00	0.000000e+00	0.000000e+00	0.000000e+00	0.000000e+00	0.000000e+00	
Minimum	8.000000e+00	8.000000e+00	5.000000e+00	3.000000e+00	8.000000e+00	0.000000e+00	0.000000e+00	0.000000e+00	0.000000e+00	0.000000e+00	0.000000e+00	
Stdev	0.000000e+00	0.000000e+00	0.000000e+00	0.000000e+00	0.000000e+00	0.000000e+00	0.000000e+00	0.000000e+00	0.000000e+00	0.000000e+00	0.000000e+00	

Output Paraver trace "simulation_results/prv_3cores.prv" generated

