-> Simulator configuration to be read simulation_results/MN_4cores.cfg
-> Loading default random values
-> Loading scheduler configuration from file scheduling.cfg
   * Scheduling policy selected SS_MPI_CP
   * Machine 0. Policy: SS_MPI_CP
   * Loading default communications configuration
-> Loding initial memory status
-> Loding initial semaphores status
-> Loading default file sytem configuration

10.000000000: END SIMULATION

**** Application 0 (dim_parallel.dim) ****

**** Total Statistics ****

Execution time:	0.338920000
Speedup:	0.09 
CPU Time:	0.031875000

 Id.	Computation	%time	Communication
  0	0.031875000	9.40	0.307044992

 Id.	Mess.sent	Bytes sent	Immediate recv	Waiting recv	Bytes recv	Coll.op.	Block time	Comm. time	Wait link time	Wait buses time	I/O time
  0	1.600000e+01	1.600000e+01	1.200000e+01	4.000000e+00	1.600000e+01	0.000000e+00	0.000000000	0.000000000	0.000000000	0.000000000	0.000000000
------------------------------------------------------------------------------------------------------------------------------------------------------------------------------------
Total	1.600000e+01	1.600000e+01	1.200000e+01	4.000000e+00	1.600000e+01	0.000000e+00	0.000000e+00	0.000000e+00	0.000000e+00	0.000000e+00	0.000000e+00	
Average	1.600000e+01	1.600000e+01	1.200000e+01	4.000000e+00	1.600000e+01	0.000000e+00	0.000000e+00	0.000000e+00	0.000000e+00	0.000000e+00	0.000000e+00	
Maximum	1.600000e+01	1.600000e+01	1.200000e+01	4.000000e+00	1.600000e+01	0.000000e+00	0.000000e+00	0.000000e+00	0.000000e+00	0.000000e+00	0.000000e+00	
Minimum	1.600000e+01	1.600000e+01	1.200000e+01	4.000000e+00	1.600000e+01	0.000000e+00	0.000000e+00	0.000000e+00	0.000000e+00	0.000000e+00	0.000000e+00	
Stdev	0.000000e+00	0.000000e+00	0.000000e+00	0.000000e+00	0.000000e+00	0.000000e+00	0.000000e+00	0.000000e+00	0.000000e+00	0.000000e+00	0.000000e+00	

Output Paraver trace "simulation_results/prv_4cores.prv" generated

